#-----------------------------------------------------------
# Vivado v2016.2 (64-bit)
# SW Build 1577090 on Thu Jun  2 16:32:40 MDT 2016
# IP Build 1577682 on Fri Jun  3 12:00:54 MDT 2016
# Start of session at: Fri Apr 06 14:18:46 2018
# Process ID: 8136
# Current directory: C:/Users/Lenovo/Desktop/clone/EE-RTAE/audio_effects
# Command line: vivado.exe -gui_launcher_event rodinguilauncherevent7120 C:\Users\Lenovo\Desktop\clone\EE-RTAE\audio_effects\audio_effects.xpr
# Log file: C:/Users/Lenovo/Desktop/clone/EE-RTAE/audio_effects/vivado.log
# Journal file: C:/Users/Lenovo/Desktop/clone/EE-RTAE/audio_effects\vivado.jou
#-----------------------------------------------------------
start_gui
open_project C:/Users/Lenovo/Desktop/clone/EE-RTAE/audio_effects/audio_effects.xpr
update_compile_order -fileset sources_1
close [ open C:/Users/Lenovo/Desktop/clone/EE-RTAE/audio_effects/audio_effects.srcs/sources_1/new/five_hz_clock.v w ]
add_files C:/Users/Lenovo/Desktop/clone/EE-RTAE/audio_effects/audio_effects.srcs/sources_1/new/five_hz_clock.v
update_compile_order -fileset sources_1
close [ open C:/Users/Lenovo/Desktop/clone/EE-RTAE/audio_effects/audio_effects.srcs/sources_1/new/game.v w ]
add_files C:/Users/Lenovo/Desktop/clone/EE-RTAE/audio_effects/audio_effects.srcs/sources_1/new/game.v
update_compile_order -fileset sources_1
